// Jest Snapshot v1, https://goo.gl/fbAQLP

exports[`<LApp /> should match the snapshot 1`] = `"<div class=\\"container\\"><h1>Maze</h1><form class=\\"input\\"><label>Columns</label><input type=\\"number\\" name=\\"height\\" min=\\"1\\" required=\\"\\" value=\\"\\"/><label>Rows</label><input type=\\"number\\" name=\\"width\\" min=\\"1\\" required=\\"\\" value=\\"\\"/><button>Go!</button></form><div class=\\"grid-container\\"></div></div>"`;
